// Jest Snapshot v1, https://goo.gl/fbAQLP

exports[`<List /> list renders as expected 1`] = `
<div
  className="List"
/>
`;
